// Jest Snapshot v1, https://goo.gl/fbAQLP

exports[`Experience section should render correctly 1`] = `
<section
  className="sc-bdfBQB jkLvXf"
  id="experience"
>
  <h2
    className="numbered-heading"
  >
    Where I’ve Worked
  </h2>
  <div
    className="inner"
  >
    <div
      aria-label="Job tabs"
      className="sc-gsTEea gYLxuY"
      role="tablist"
    >
      <button
        aria-controls="panel-0"
        aria-selected={true}
        className="sc-dlfnuX lnfZHq"
        id="tab-0"
        onClick={[Function]}
        role="tab"
        tabIndex={0}
      >
        <span>
          Grid Dynamics
        </span>
      </button>
      <button
        aria-controls="panel-1"
        aria-selected={false}
        className="sc-dlfnuX egPkXS"
        id="tab-1"
        onClick={[Function]}
        role="tab"
        tabIndex={-1}
      >
        <span>
          Qwil Messenger
        </span>
      </button>
      <button
        aria-controls="panel-2"
        aria-selected={false}
        className="sc-dlfnuX egPkXS"
        id="tab-2"
        onClick={[Function]}
        role="tab"
        tabIndex={-1}
      >
        <span>
          Code Factory
        </span>
      </button>
      <button
        aria-controls="panel-3"
        aria-selected={false}
        className="sc-dlfnuX egPkXS"
        id="tab-3"
        onClick={[Function]}
        role="tab"
        tabIndex={-1}
      >
        <span>
          Endava
        </span>
      </button>
      <button
        aria-controls="panel-4"
        aria-selected={false}
        className="sc-dlfnuX egPkXS"
        id="tab-4"
        onClick={[Function]}
        role="tab"
        tabIndex={-1}
      >
        <span>
          Global Upwork
        </span>
      </button>
      <div
        className="sc-hKgJUU ktlWjT"
      />
    </div>
    <div
      className="sc-eCstlR jUdGBb"
    >
      <div
        aria-hidden={false}
        aria-labelledby="tab-0"
        className="sc-jSgvzq gYpxG"
        hidden={false}
        id="panel-0"
        role="tabpanel"
        tabIndex={0}
      >
        <h3>
          <span>
            Team Lead
          </span>
          <span
            className="company"
          >
             @ 
            <a
              className="inline-link"
              href="https://www.griddynamics.com/"
            >
              Grid Dynamics
            </a>
          </span>
        </h3>
        <p
          className="range"
        >
          MAR 2020 - Present
        </p>
        <div>
          <p>
            Building email sources & delivering optimization
          </p>
        </div>
        <div
          style={
            Object {
              "marginTop": 24,
            }
          }
        >
          <ul>
            <li>
              Team leading
            </li>
            <li>
              Improvement development flow
            </li>
            <li>
              Performance optimization
            </li>
          </ul>
        </div>
      </div>
      <div
        aria-hidden={true}
        aria-labelledby="tab-1"
        className="sc-jSgvzq gYpxG"
        hidden={true}
        id="panel-1"
        role="tabpanel"
        tabIndex={-1}
      >
        <h3>
          <span>
            Engineer
          </span>
          <span
            className="company"
          >
             @ 
            <a
              className="inline-link"
              href="https://qwil.io/"
            >
              Qwil Messenger
            </a>
          </span>
        </h3>
        <p
          className="range"
        >
          JUN 2020 - JAN 2021
        </p>
        <div>
          <p>
            Developing complex invitation tool with onboarding process.
          </p>
        </div>
        <div
          style={
            Object {
              "marginTop": 24,
            }
          }
        >
          <ul>
            <li>
              Code review
            </li>
            <li>
              Improving testing coverage
            </li>
            <li>
              Organization of meetups
            </li>
          </ul>
        </div>
      </div>
      <div
        aria-hidden={true}
        aria-labelledby="tab-2"
        className="sc-jSgvzq gYpxG"
        hidden={true}
        id="panel-2"
        role="tabpanel"
        tabIndex={-1}
      >
        <h3>
          <span>
            Fullstack
          </span>
          <span
            className="company"
          >
             @ 
            <a
              className="inline-link"
              href="https://codefactorygroup.com/"
            >
              Code Factory
            </a>
          </span>
        </h3>
        <p
          className="range"
        >
          JUN 2020 - JAN 2021
        </p>
        <div>
          <p>
            Developing a SportsBetting platform for the US market and back-office dashboard for internal use. Implemented RBAC/permissions features from scratch.
          </p>
        </div>
        <div
          style={
            Object {
              "marginTop": 24,
            }
          }
        >
          <ul>
            <li>
              Team lead
            </li>
            <li>
              Code review
            </li>
            <li>
              Monorepo management
            </li>
          </ul>
        </div>
      </div>
      <div
        aria-hidden={true}
        aria-labelledby="tab-3"
        className="sc-jSgvzq gYpxG"
        hidden={true}
        id="panel-3"
        role="tabpanel"
        tabIndex={-1}
      >
        <h3>
          <span>
            Team lead
          </span>
          <span
            className="company"
          >
             @ 
            <a
              className="inline-link"
              href="https://www.endava.com/"
            >
              Endava
            </a>
          </span>
        </h3>
        <p
          className="range"
        >
          JUN 2018 - June 2020
        </p>
        <div>
          <p>
            Development of a rich money exchange platform (Travelex) combining complex UI & business logic. The application makes use of KYC, sending money abroad, withdrawal, internal back-office management.
          </p>
        </div>
        <div
          style={
            Object {
              "marginTop": 24,
            }
          }
        >
          <ul>
            <li>
              Team leading
            </li>
            <li>
              Coaching
            </li>
            <li>
              Code review
            </li>
            <li>
              Migration from angular.js
            </li>
          </ul>
        </div>
      </div>
      <div
        aria-hidden={true}
        aria-labelledby="tab-4"
        className="sc-jSgvzq gYpxG"
        hidden={true}
        id="panel-4"
        role="tabpanel"
        tabIndex={-1}
      >
        <h3>
          <span>
            Fullstack
          </span>
          <span
            className="company"
          >
             @ 
            <a
              className="inline-link"
              href="https://www.upwork.com/"
            >
              Global Upwork
            </a>
          </span>
        </h3>
        <p
          className="range"
        >
          MAR 2013 - Present
        </p>
        <div>
          <p>
            Working on various custom projects. Building an impressive reputation on Upwork. Proven history of success with multiple clients.
          </p>
        </div>
        <div
          style={
            Object {
              "marginTop": 24,
            }
          }
        >
          <ul>
            <li>
              Top rated
            </li>
            <li>
              Rising talent
            </li>
          </ul>
        </div>
      </div>
    </div>
  </div>
</section>
`;
